
> hvac-vetting-offline-delivery@0.1.0 test
> node --test test/*.test.mjs

✔ historical replay: deliver A, genuinely revise Finding and deliver B, exact A remains idempotent (1493.898697ms)
RECOVERY versions: { unrelated: '1.0', retry: '2.0' } fixture: /workspace/hvac-vetting-deliveryfix-h12ua0yl/hvac-vetting-offline/development/offline/test-output/delivery-recovery-NdrSgX
✔ initialization failure: retained evidence does not block an unrelated event or exact retry (2155.339367ms)
✔ replay guards: shorter history cannot start a new event, change store, clear rounds, or change completed payload (1631.684282ms)
✔ replay validates the whole persisted ledger, including a tampered later receipt (1025.954949ms)
✔ three-round budget survives historical replay; a fourth round and shorter new work remain rejected (1379.153309ms)
✔ replay still checks source bytes and the saved immutable input/gate (666.324803ms)
✔ unfinished reserved delivery cannot use the completed historical replay exception (243.473034ms)
✔ published reservation survives input-write ENOSPC: unrelated gets 2.0 and retry keeps 1.0 without duplication (392.744678ms)
✔ legacy pre-journal orphan is retained byte-for-byte; unrelated and retry get unique versions (396.272476ms)
✔ missing journal with artifact evidence is rejected rather than silently hidden or replaced (25.063936ms)
✔ normal: exact four columns, two mother sheets, literal Finding text, receipt and readback hash (1298.474572ms)
✔ preservation: all OOXML parts except report cells/styles/unused sample strings are byte-identical (1262.197542ms)
✔ zero issues: no sample Finding; numbered reservation and all unreviewed coverage remain explicit (1913.031864ms)
✔ long Chinese and more than 15: one Finding per row, wrap, bounded height, no content truncation (746.409038ms)
✔ drawing label uses drawing ID instead of file name (855.86635ms)
✔ unknown source is quarantined even when synthetic QC says pass (840.688601ms)
✔ unknown / pending / wrong-system rules, advice and scope mismatch cannot enter violation column (49.283766ms)
✔ source byte change, wrong page and invented excerpt are rejected (15.786648ms)
✔ formula injection and malicious cell strings stay exact literal strings, no formulas/hyperlinks (374.501329ms)
✔ duplicate Finding IDs and unsupported controls reject the input before report allocation (10.087762ms)
✔ QC is isolated, stale decisions fail, exactly three rounds stop and a fourth is forbidden (25.224333ms)
✔ QC not run / unresolved before third round blocks delivery; pass after failed round can proceed (260.094644ms)
✔ same event is idempotent; explicit reissue on same snapshot gets next version and retains history (588.018529ms)
✔ same report event with changed payload rejects, preserving prior report and version (200.729307ms)
✔ interruption at four persisted checkpoints resumes same version and prepared report hash (864.752345ms)
✔ tampered delivered report never receives a successful readback receipt or replacement (209.405565ms)
✔ modified receipt is detected; missing effective index can be rebuilt from verified completed jobs (265.558203ms)
✔ local serialization prevents duplicate concurrent allocation, without promising remote billing guarantees (221.614703ms)
✔ source traversal and symlink cannot read outside approved synthetic source directory (4.273966ms)
✔ wrong template hash and excessive wrapped height stop instead of changing template or silently clipping (96.083288ms)
✔ regression: fail -> actually change Finding -> second round pass retains first snapshot (165.92141ms)
✔ regression: actual source revision invalidates pass and can be QCed again without rewriting history (142.827665ms)
✔ regression: historical decision reason tampering is rejected even if current Finding did not change (16.798113ms)
✔ regression: persistent lineage rejects fourth round, cleared history and rehashed reset attempts (324.308643ms)
✔ regression: overlong UTF-8 filename rejects before reserving a report version (15.110561ms)
✔ regression: 18 Findings remain visible through openpyxl read_only including rows 21-23 (4942.832156ms)
✔ persistent revision: real Finding correction retains two rounds and rejects clearing history in another store (481.159437ms)
✔ persistent receipt: modifying saved historical bytes is detected (18.187093ms)
✔ filename boundary: full 255-byte name publishes without truncating project name; 256 bytes rejects (963.648925ms)
ℹ tests 39
ℹ suites 0
ℹ pass 39
ℹ fail 0
ℹ cancelled 0
ℹ skipped 0
ℹ todo 0
ℹ duration_ms 10922.669329
