
> hvac-vetting-offline-delivery@0.1.0 test
> node --test test/*.test.mjs

✔ historical replay: deliver A, genuinely revise Finding and deliver B, exact A remains idempotent (1363.95037ms)
RECOVERY versions: { unrelated: '1.0', retry: '2.0' } fixture: /workspace/hvac-vetting-deliveryfix-h12ua0yl/hvac-vetting-offline/development/offline/test-output/delivery-recovery-XOQho8
✔ initialization failure: retained evidence does not block an unrelated event or exact retry (644.109227ms)
✔ replay guards: shorter history cannot start a new event, change store, clear rounds, or change completed payload (498.377529ms)
✔ replay validates the whole persisted ledger, including a tampered later receipt (925.148853ms)
✔ three-round budget survives historical replay; a fourth round and shorter new work remain rejected (1118.434423ms)
✔ replay still checks source bytes and the saved immutable input/gate (529.371912ms)
✔ unfinished reserved delivery cannot use the completed historical replay exception (337.512436ms)
✔ published reservation survives input-write ENOSPC: unrelated gets 2.0 and retry keeps 1.0 without duplication (641.790091ms)
✔ legacy pre-journal orphan is retained byte-for-byte; unrelated and retry get unique versions (624.024259ms)
✔ missing journal with artifact evidence is rejected rather than silently hidden or replaced (44.78791ms)
✔ normal: exact four columns, two mother sheets, literal Finding text, receipt and readback hash (1360.098088ms)
✔ preservation: all OOXML parts except report cells/styles/unused sample strings are byte-identical (536.484735ms)
✔ zero issues: no sample Finding; numbered reservation and all unreviewed coverage remain explicit (536.391916ms)
✔ long Chinese and more than 15: one Finding per row, wrap, bounded height, no content truncation (670.071524ms)
✔ drawing label uses drawing ID instead of file name (712.200896ms)
✔ unknown source is quarantined even when synthetic QC says pass (787.701709ms)
✔ unknown / pending / wrong-system rules, advice and scope mismatch cannot enter violation column (35.064415ms)
✔ source byte change, wrong page and invented excerpt are rejected (13.076371ms)
✔ formula injection and malicious cell strings stay exact literal strings, no formulas/hyperlinks (329.088278ms)
✔ duplicate Finding IDs and unsupported controls reject the input before report allocation (3.964492ms)
✔ QC is isolated, stale decisions fail, exactly three rounds stop and a fourth is forbidden (16.277335ms)
✔ QC not run / unresolved before third round blocks delivery; pass after failed round can proceed (314.637892ms)
✔ same event is idempotent; explicit reissue on same snapshot gets next version and retains history (558.915284ms)
✔ same report event with changed payload rejects, preserving prior report and version (330.365848ms)
✔ interruption at four persisted checkpoints resumes same version and prepared report hash (821.676008ms)
✔ tampered delivered report never receives a successful readback receipt or replacement (183.774983ms)
✔ modified receipt is detected; missing effective index can be rebuilt from verified completed jobs (226.835263ms)
✔ local serialization prevents duplicate concurrent allocation, without promising remote billing guarantees (218.456891ms)
✔ source traversal and symlink cannot read outside approved synthetic source directory (4.536764ms)
✔ wrong template hash and excessive wrapped height stop instead of changing template or silently clipping (63.995797ms)
✔ regression: fail -> actually change Finding -> second round pass retains first snapshot (197.607297ms)
✔ regression: actual source revision invalidates pass and can be QCed again without rewriting history (79.924259ms)
✔ regression: historical decision reason tampering is rejected even if current Finding did not change (8.836615ms)
✔ regression: persistent lineage rejects fourth round, cleared history and rehashed reset attempts (125.11993ms)
✔ regression: overlong UTF-8 filename rejects before reserving a report version (4.133875ms)
✔ regression: 18 Findings remain visible through openpyxl read_only including rows 21-23 (1724.64073ms)
✔ persistent revision: real Finding correction retains two rounds and rejects clearing history in another store (647.655896ms)
✔ persistent receipt: modifying saved historical bytes is detected (25.070967ms)
✔ filename boundary: full 255-byte name publishes without truncating project name; 256 bytes rejects (998.889935ms)
ℹ tests 39
ℹ suites 0
ℹ pass 39
ℹ fail 0
ℹ cancelled 0
ℹ skipped 0
ℹ todo 0
ℹ duration_ms 8967.626405
